// Jest Snapshot v1, https://goo.gl/fbAQLP

exports[`Gallery is rendering matches snapshot 1`] = `
<DocumentFragment>
  <section>
    <h1
      data-testid="h1tag"
    >
      Portraits
    </h1>
    <p>
      Portraits of people in my life
    </p>
    <div>
      <div
        class="flex-row"
      >
        <img
          class="img-thumbnail mx-1"
        />
        <img
          class="img-thumbnail mx-1"
        />
        <img
          class="img-thumbnail mx-1"
        />
        <img
          class="img-thumbnail mx-1"
        />
      </div>
    </div>
  </section>
</DocumentFragment>
`;
